../source/SSC/Src/ecatslv.c:264:6:ResetALEventMask	24	static
../source/SSC/Src/ecatslv.c:284:6:SetALEventMask	24	static
../source/SSC/Src/ecatslv.c:303:6:UpdateEEPROMLoadedState	16	static
../source/SSC/Src/ecatslv.c:340:19:GetSyncMan	16	static
../source/SSC/Src/ecatslv.c:355:6:DisableSyncManChannel	24	static
../source/SSC/Src/ecatslv.c:378:6:EnableSyncManChannel	24	static
../source/SSC/Src/ecatslv.c:408:10:CheckSmSettings	32	static
../source/SSC/Src/ecatslv.c:692:8:StartInputHandler	80	static
../source/SSC/Src/ecatslv.c:1265:8:StartOutputHandler	16	static
../source/SSC/Src/ecatslv.c:1310:6:StopOutputHandler	4	static
../source/SSC/Src/ecatslv.c:1323:6:StopInputHandler	16	static
../source/SSC/Src/ecatslv.c:1390:6:BackToInitTransition	4	static
../source/SSC/Src/ecatslv.c:1403:6:SetALStatus	24	static
../source/SSC/Src/ecatslv.c:1472:6:AL_ControlInd	24	static
../source/SSC/Src/ecatslv.c:1952:6:AL_ControlRes	16	static
../source/SSC/Src/ecatslv.c:2219:6:DC_CheckWatchdog	8	static
../source/SSC/Src/ecatslv.c:2296:6:CheckIfEcatError	16	static
../source/SSC/Src/ecatslv.c:2355:6:ECAT_StateChange	24	static
../source/SSC/Src/ecatslv.c:2510:6:ECAT_Init	16	static
../source/SSC/Src/ecatslv.c:2584:6:ECAT_Main	32	static
