C:\2026HandsOn_Workspace\evkmimxrt1180_ecat_digital_io_cm33\CMSIS/m-profile/armv8m_mpu.h:199:22:ARM_MPU_Enable	16	static
C:\2026HandsOn_Workspace\evkmimxrt1180_ecat_digital_io_cm33\CMSIS/m-profile/armv8m_mpu.h:212:22:ARM_MPU_Disable	4	static
C:\2026HandsOn_Workspace\evkmimxrt1180_ecat_digital_io_cm33\CMSIS/m-profile/armv8m_mpu.h:257:22:ARM_MPU_SetMemAttrEx	32	static
C:\2026HandsOn_Workspace\evkmimxrt1180_ecat_digital_io_cm33\CMSIS/m-profile/armv8m_mpu.h:274:22:ARM_MPU_SetMemAttr	16	static
C:\2026HandsOn_Workspace\evkmimxrt1180_ecat_digital_io_cm33\CMSIS/m-profile/armv8m_mpu.h:324:22:ARM_MPU_SetRegionEx	24	static
C:\2026HandsOn_Workspace\evkmimxrt1180_ecat_digital_io_cm33\CMSIS/m-profile/armv8m_mpu.h:336:22:ARM_MPU_SetRegion	24	static
C:\2026HandsOn_Workspace\evkmimxrt1180_ecat_digital_io_cm33\drivers/fsl_clock.h:1474:24:CLOCK_GetRootClockMux	16	static
C:\2026HandsOn_Workspace\evkmimxrt1180_ecat_digital_io_cm33\drivers/fsl_clock.h:1515:24:CLOCK_GetRootClockDiv	16	static
C:\2026HandsOn_Workspace\evkmimxrt1180_ecat_digital_io_cm33\drivers/fsl_clock.h:1560:20:CLOCK_SetRootClock	16	static
C:\2026HandsOn_Workspace\evkmimxrt1180_ecat_digital_io_cm33\drivers/fsl_clock.h:1634:24:CLOCK_GetRootClockFreq	32	static
../board/board.c:724:6:BOARD_SetFlexspiClock	32	static
../board/board.c:612:6:BOARD_DeinitFlash	16	static
../board/board.c:649:6:BOARD_InitFlash	32	static
C:\2026HandsOn_Workspace\evkmimxrt1180_ecat_digital_io_cm33\drivers/fsl_dcdc.h:406:20:DCDC_SetVDD1P0BuckModeTargetVoltage	16	static
../board/board.c:37:10:BOARD_DebugConsoleSrcFreq	8	static
../board/board.c:43:6:BOARD_InitDebugConsole	16	static
../board/board.c:404:6:BOARD_ConfigMPU	24	static
../board/board.c:604:6:BOARD_SD_Pin_Config	16	static
../board/board.c:608:6:BOARD_MMC_Pin_Config	16	static
../board/board.c:780:6:BOARD_FlexspiClockSafeConfig	8	static
../board/board.c:787:6:EdgeLock_SetClock	32	static
../board/board.c:817:6:DCDC_SetVoltage	16	static
../board/board.c:880:6:BOARD_RequestTRDC	32	static
