C:\2026HandsOn_Workspace\evkmimxrt1180_ecat_digital_io_cm33\CMSIS/core_cm33.h:2358:22:__NVIC_EnableIRQ	16	static
C:\2026HandsOn_Workspace\evkmimxrt1180_ecat_digital_io_cm33\CMSIS/core_cm33.h:2396:22:__NVIC_DisableIRQ	16	static
C:\2026HandsOn_Workspace\evkmimxrt1180_ecat_digital_io_cm33\drivers/fsl_clock.h:1474:24:CLOCK_GetRootClockMux	16	static
C:\2026HandsOn_Workspace\evkmimxrt1180_ecat_digital_io_cm33\drivers/fsl_clock.h:1515:24:CLOCK_GetRootClockDiv	16	static
C:\2026HandsOn_Workspace\evkmimxrt1180_ecat_digital_io_cm33\drivers/fsl_clock.h:1634:24:CLOCK_GetRootClockFreq	32	static
C:\2026HandsOn_Workspace\evkmimxrt1180_ecat_digital_io_cm33\drivers/fsl_common_arm.h:678:24:EnableIRQ	24	static
C:\2026HandsOn_Workspace\evkmimxrt1180_ecat_digital_io_cm33\drivers/fsl_rgpio.h:172:20:RGPIO_PinWrite	24	static
C:\2026HandsOn_Workspace\evkmimxrt1180_ecat_digital_io_cm33\drivers/fsl_gpt.h:251:20:GPT_SetClockDivider	16	static
C:\2026HandsOn_Workspace\evkmimxrt1180_ecat_digital_io_cm33\drivers/fsl_gpt.h:306:20:GPT_StartTimer	16	static
C:\2026HandsOn_Workspace\evkmimxrt1180_ecat_digital_io_cm33\drivers/fsl_gpt.h:430:20:GPT_SetOutputCompareValue	24	static
C:\2026HandsOn_Workspace\evkmimxrt1180_ecat_digital_io_cm33\drivers/fsl_gpt.h:478:20:GPT_EnableInterrupts	16	static
C:\2026HandsOn_Workspace\evkmimxrt1180_ecat_digital_io_cm33\drivers/fsl_gpt.h:532:20:GPT_ClearStatusFlags	16	static
../board/hardware_init.c:24:13:Ecat_KickOff	4	static
../board/hardware_init.c:43:8:HW_Init	40	static
../board/hardware_init.c:158:6:ECAT_INT_IRQHandler	8	static
../board/hardware_init.c:166:6:XBAR1_CH0_CH1_IRQHandler	16	static
../board/hardware_init.c:186:6:HW_Release	4	static
../board/hardware_init.c:190:6:GPT1_IRQHandler	8	static
../board/hardware_init.c:202:8:HW_GetTimer	4	static
../board/hardware_init.c:207:6:HW_ClearTimer	4	static
../board/hardware_init.c:212:6:ENABLE_ESC_INT	8	static
../board/hardware_init.c:219:6:DISABLE_ESC_INT	8	static
../board/hardware_init.c:226:6:HW_SetLed	16	static
