C:\2026HandsOn_Workspace\evkmimxrt1180_ecat_digital_io_cm33\drivers/fsl_clock.h:1581:20:CLOCK_ControlGate	16	static
C:\2026HandsOn_Workspace\evkmimxrt1180_ecat_digital_io_cm33\drivers/fsl_clock.h:1599:20:CLOCK_EnableClock	16	static
C:\2026HandsOn_Workspace\evkmimxrt1180_ecat_digital_io_cm33\drivers/fsl_iomuxc.h:1880:20:IOMUXC_SetPinMux	24	static
C:\2026HandsOn_Workspace\evkmimxrt1180_ecat_digital_io_cm33\drivers/fsl_iomuxc.h:1912:20:IOMUXC_SetPinConfig	24	static
../board/pin_mux.c:51:6:BOARD_InitPins	16	static
../board/pin_mux.c:117:6:BOARD_ECAT_MDIO_InitPins	16	static
../board/pin_mux.c:168:6:BOARD_Port0_RMII_InitPins	16	static
../board/pin_mux.c:232:6:BOARD_Port1_RMII_InitPins	16	static
../board/pin_mux.c:289:6:BOARD_ECAT_I2C_InitPins	16	static
../board/pin_mux.c:322:6:BOARD_InitBootPins	8	static
