../startup/startup_mimxrt1189_cm33.c:861:6:data_init	4	static
../startup/startup_mimxrt1189_cm33.c:870:6:bss_init	0	static
../startup/startup_mimxrt1189_cm33.c:877:65:misc_init	0	static
../startup/startup_mimxrt1189_cm33.c:906:6:ResetISR	0	static
../startup/startup_mimxrt1189_cm33.c:1014:14:NMI_Handler	0	static
../startup/startup_mimxrt1189_cm33.c:1018:14:HardFault_Handler	0	static
../startup/startup_mimxrt1189_cm33.c:1022:14:MemManage_Handler	0	static
../startup/startup_mimxrt1189_cm33.c:1026:14:BusFault_Handler	0	static
../startup/startup_mimxrt1189_cm33.c:1030:14:UsageFault_Handler	0	static
../startup/startup_mimxrt1189_cm33.c:1034:14:SVC_Handler	0	static
../startup/startup_mimxrt1189_cm33.c:1038:14:DebugMon_Handler	0	static
../startup/startup_mimxrt1189_cm33.c:1042:14:PendSV_Handler	0	static
../startup/startup_mimxrt1189_cm33.c:1046:14:SysTick_Handler	0	static
../startup/startup_mimxrt1189_cm33.c:1054:14:IntDefaultHandler	0	static
../startup/startup_mimxrt1189_cm33.c:1064:11:TMR1_IRQHandler	8	static
../startup/startup_mimxrt1189_cm33.c:1068:11:DAP_IRQHandler	8	static
../startup/startup_mimxrt1189_cm33.c:1072:11:M7_CTI_TRIGGER_OUTPUT_IRQHandler	8	static
../startup/startup_mimxrt1189_cm33.c:1076:11:M33_CTI_TRIGGER_OUTPUT_IRQHandler	8	static
../startup/startup_mimxrt1189_cm33.c:1080:11:TMR5_IRQHandler	8	static
../startup/startup_mimxrt1189_cm33.c:1084:11:TMR6_IRQHandler	8	static
../startup/startup_mimxrt1189_cm33.c:1088:11:TMR7_IRQHandler	8	static
../startup/startup_mimxrt1189_cm33.c:1092:11:TMR8_IRQHandler	8	static
../startup/startup_mimxrt1189_cm33.c:1096:11:CAN1_IRQHandler	8	static
../startup/startup_mimxrt1189_cm33.c:1100:11:CAN1_ERROR_IRQHandler	8	static
../startup/startup_mimxrt1189_cm33.c:1104:11:GPIO1_0_IRQHandler	8	static
../startup/startup_mimxrt1189_cm33.c:1108:11:GPIO1_1_IRQHandler	8	static
../startup/startup_mimxrt1189_cm33.c:1112:11:I3C1_IRQHandler	8	static
../startup/startup_mimxrt1189_cm33.c:1116:11:LPI2C1_IRQHandler	8	static
../startup/startup_mimxrt1189_cm33.c:1120:11:LPI2C2_IRQHandler	8	static
../startup/startup_mimxrt1189_cm33.c:1124:11:LPIT1_IRQHandler	8	static
../startup/startup_mimxrt1189_cm33.c:1128:11:LPSPI1_IRQHandler	8	static
../startup/startup_mimxrt1189_cm33.c:1132:11:LPSPI2_IRQHandler	8	static
../startup/startup_mimxrt1189_cm33.c:1136:11:LPTMR1_IRQHandler	8	static
../startup/startup_mimxrt1189_cm33.c:1140:11:LPUART1_IRQHandler	8	static
../startup/startup_mimxrt1189_cm33.c:1144:11:LPUART2_IRQHandler	8	static
../startup/startup_mimxrt1189_cm33.c:1148:11:MU1_IRQHandler	8	static
../startup/startup_mimxrt1189_cm33.c:1152:11:MU2_IRQHandler	8	static
../startup/startup_mimxrt1189_cm33.c:1156:11:PWM1_FAULT_IRQHandler	8	static
../startup/startup_mimxrt1189_cm33.c:1160:11:PWM1_0_IRQHandler	8	static
../startup/startup_mimxrt1189_cm33.c:1164:11:PWM1_1_IRQHandler	8	static
../startup/startup_mimxrt1189_cm33.c:1168:11:PWM1_2_IRQHandler	8	static
../startup/startup_mimxrt1189_cm33.c:1172:11:PWM1_3_IRQHandler	8	static
../startup/startup_mimxrt1189_cm33.c:1176:11:EDGELOCK_TRUST_MUA_RX_FULL_IRQHandler	8	static
../startup/startup_mimxrt1189_cm33.c:1180:11:EDGELOCK_TRUST_MUA_TX_EMPTY_IRQHandler	8	static
../startup/startup_mimxrt1189_cm33.c:1184:11:EDGELOCK_APPS_CORE_MUA_RX_FULL_IRQHandler	8	static
../startup/startup_mimxrt1189_cm33.c:1188:11:EDGELOCK_APPS_CORE_MUA_TX_EMPTY_IRQHandler	8	static
../startup/startup_mimxrt1189_cm33.c:1192:11:EDGELOCK_REALTIME_CORE_MUA_RX_FULL_IRQHandler	8	static
../startup/startup_mimxrt1189_cm33.c:1196:11:EDGELOCK_REALTIME_CORE_MUA_TX_EMPTY_IRQHandler	8	static
../startup/startup_mimxrt1189_cm33.c:1200:11:EDGELOCK_SECURE_IRQHandler	8	static
../startup/startup_mimxrt1189_cm33.c:1204:11:EDGELOCK_NONSECURE_IRQHandler	8	static
../startup/startup_mimxrt1189_cm33.c:1208:11:TPM1_IRQHandler	8	static
../startup/startup_mimxrt1189_cm33.c:1212:11:TPM2_IRQHandler	8	static
../startup/startup_mimxrt1189_cm33.c:1216:11:RTWDOG1_IRQHandler	8	static
../startup/startup_mimxrt1189_cm33.c:1220:11:RTWDOG2_IRQHandler	8	static
../startup/startup_mimxrt1189_cm33.c:1224:11:TRDC_MGR_AON_IRQHandler	8	static
../startup/startup_mimxrt1189_cm33.c:1228:11:PDM_HWVAD_EVENT_IRQHandler	8	static
../startup/startup_mimxrt1189_cm33.c:1232:11:PDM_HWVAD_ERROR_IRQHandler	8	static
../startup/startup_mimxrt1189_cm33.c:1236:11:PDM_EVENT_IRQHandler	8	static
../startup/startup_mimxrt1189_cm33.c:1240:11:PDM_ERROR_IRQHandler	8	static
../startup/startup_mimxrt1189_cm33.c:1244:11:SAI1_IRQHandler	8	static
../startup/startup_mimxrt1189_cm33.c:1248:11:CM33_PS_IRQHandler	8	static
../startup/startup_mimxrt1189_cm33.c:1252:11:CM33_TCM_ECC_IRQHandler	8	static
../startup/startup_mimxrt1189_cm33.c:1256:11:CM33_TCM_ERROR_IRQHandler	8	static
../startup/startup_mimxrt1189_cm33.c:1260:11:CM7_TCM_ECC_IRQHandler	8	static
../startup/startup_mimxrt1189_cm33.c:1264:11:CM7_TCM_ERROR_IRQHandler	8	static
../startup/startup_mimxrt1189_cm33.c:1268:11:CAN2_IRQHandler	8	static
../startup/startup_mimxrt1189_cm33.c:1272:11:CAN2_ERROR_IRQHandler	8	static
../startup/startup_mimxrt1189_cm33.c:1276:11:FLEXIO1_IRQHandler	8	static
../startup/startup_mimxrt1189_cm33.c:1280:11:FLEXIO2_IRQHandler	8	static
../startup/startup_mimxrt1189_cm33.c:1284:11:FLEXSPI1_IRQHandler	8	static
../startup/startup_mimxrt1189_cm33.c:1288:11:FLEXSPI2_IRQHandler	8	static
../startup/startup_mimxrt1189_cm33.c:1292:11:GPIO2_0_IRQHandler	8	static
../startup/startup_mimxrt1189_cm33.c:1296:11:GPIO2_1_IRQHandler	8	static
../startup/startup_mimxrt1189_cm33.c:1300:11:GPIO3_0_IRQHandler	8	static
../startup/startup_mimxrt1189_cm33.c:1304:11:GPIO3_1_IRQHandler	8	static
../startup/startup_mimxrt1189_cm33.c:1308:11:I3C2_IRQHandler	8	static
../startup/startup_mimxrt1189_cm33.c:1312:11:LPI2C3_IRQHandler	8	static
../startup/startup_mimxrt1189_cm33.c:1316:11:LPI2C4_IRQHandler	8	static
../startup/startup_mimxrt1189_cm33.c:1320:11:LPIT2_IRQHandler	8	static
../startup/startup_mimxrt1189_cm33.c:1324:11:LPSPI3_IRQHandler	8	static
../startup/startup_mimxrt1189_cm33.c:1328:11:LPSPI4_IRQHandler	8	static
../startup/startup_mimxrt1189_cm33.c:1332:11:LPTMR2_IRQHandler	8	static
../startup/startup_mimxrt1189_cm33.c:1336:11:LPUART3_IRQHandler	8	static
../startup/startup_mimxrt1189_cm33.c:1340:11:LPUART4_IRQHandler	8	static
../startup/startup_mimxrt1189_cm33.c:1344:11:LPUART5_IRQHandler	8	static
../startup/startup_mimxrt1189_cm33.c:1348:11:LPUART6_IRQHandler	8	static
../startup/startup_mimxrt1189_cm33.c:1352:11:Reserved88_IRQHandler	8	static
../startup/startup_mimxrt1189_cm33.c:1356:11:BBNSM_IRQHandler	8	static
../startup/startup_mimxrt1189_cm33.c:1360:11:SYS_CTR1_IRQHandler	8	static
../startup/startup_mimxrt1189_cm33.c:1364:11:TPM3_IRQHandler	8	static
../startup/startup_mimxrt1189_cm33.c:1368:11:TPM4_IRQHandler	8	static
../startup/startup_mimxrt1189_cm33.c:1372:11:TPM5_IRQHandler	8	static
../startup/startup_mimxrt1189_cm33.c:1376:11:TPM6_IRQHandler	8	static
../startup/startup_mimxrt1189_cm33.c:1380:11:RTWDOG3_IRQHandler	8	static
../startup/startup_mimxrt1189_cm33.c:1384:11:RTWDOG4_IRQHandler	8	static
../startup/startup_mimxrt1189_cm33.c:1388:11:RTWDOG5_IRQHandler	8	static
../startup/startup_mimxrt1189_cm33.c:1392:11:TRDC_MGR_WKUP_IRQHandler	8	static
../startup/startup_mimxrt1189_cm33.c:1396:11:TMPSNS_INT_IRQHandler	8	static
../startup/startup_mimxrt1189_cm33.c:1400:11:BBSM_IRQHandler	8	static
../startup/startup_mimxrt1189_cm33.c:1404:11:LDO_AON_ANA_IRQHandler	8	static
../startup/startup_mimxrt1189_cm33.c:1408:11:USDHC1_IRQHandler	8	static
../startup/startup_mimxrt1189_cm33.c:1412:11:USDHC2_IRQHandler	8	static
../startup/startup_mimxrt1189_cm33.c:1416:11:TRDC_MGR_MEGA_IRQHandler	8	static
../startup/startup_mimxrt1189_cm33.c:1420:11:SFA_IRQHandler	8	static
../startup/startup_mimxrt1189_cm33.c:1424:11:LDO_AON_DIG_IRQHandler	8	static
../startup/startup_mimxrt1189_cm33.c:1428:11:MECC1_IRQHandler	8	static
../startup/startup_mimxrt1189_cm33.c:1432:11:MECC2_IRQHandler	8	static
../startup/startup_mimxrt1189_cm33.c:1436:11:ADC1_IRQHandler	8	static
../startup/startup_mimxrt1189_cm33.c:1440:11:DMA_ERROR_IRQHandler	8	static
../startup/startup_mimxrt1189_cm33.c:1444:11:DMA3_CH0_IRQHandler	8	static
../startup/startup_mimxrt1189_cm33.c:1448:11:DMA3_CH1_IRQHandler	8	static
../startup/startup_mimxrt1189_cm33.c:1452:11:DMA3_CH2_IRQHandler	8	static
../startup/startup_mimxrt1189_cm33.c:1456:11:DMA3_CH3_IRQHandler	8	static
../startup/startup_mimxrt1189_cm33.c:1460:11:DMA3_CH4_IRQHandler	8	static
../startup/startup_mimxrt1189_cm33.c:1464:11:DMA3_CH5_IRQHandler	8	static
../startup/startup_mimxrt1189_cm33.c:1468:11:DMA3_CH6_IRQHandler	8	static
../startup/startup_mimxrt1189_cm33.c:1472:11:DMA3_CH7_IRQHandler	8	static
../startup/startup_mimxrt1189_cm33.c:1476:11:DMA3_CH8_IRQHandler	8	static
../startup/startup_mimxrt1189_cm33.c:1480:11:DMA3_CH9_IRQHandler	8	static
../startup/startup_mimxrt1189_cm33.c:1484:11:DMA3_CH10_IRQHandler	8	static
../startup/startup_mimxrt1189_cm33.c:1488:11:DMA3_CH11_IRQHandler	8	static
../startup/startup_mimxrt1189_cm33.c:1492:11:DMA3_CH12_IRQHandler	8	static
../startup/startup_mimxrt1189_cm33.c:1496:11:DMA3_CH13_IRQHandler	8	static
../startup/startup_mimxrt1189_cm33.c:1500:11:DMA3_CH14_IRQHandler	8	static
../startup/startup_mimxrt1189_cm33.c:1504:11:DMA3_CH15_IRQHandler	8	static
../startup/startup_mimxrt1189_cm33.c:1508:11:DMA3_CH16_IRQHandler	8	static
../startup/startup_mimxrt1189_cm33.c:1512:11:DMA3_CH17_IRQHandler	8	static
../startup/startup_mimxrt1189_cm33.c:1516:11:DMA3_CH18_IRQHandler	8	static
../startup/startup_mimxrt1189_cm33.c:1520:11:DMA3_CH19_IRQHandler	8	static
../startup/startup_mimxrt1189_cm33.c:1524:11:DMA3_CH20_IRQHandler	8	static
../startup/startup_mimxrt1189_cm33.c:1528:11:DMA3_CH21_IRQHandler	8	static
../startup/startup_mimxrt1189_cm33.c:1532:11:DMA3_CH22_IRQHandler	8	static
../startup/startup_mimxrt1189_cm33.c:1536:11:DMA3_CH23_IRQHandler	8	static
../startup/startup_mimxrt1189_cm33.c:1540:11:DMA3_CH24_IRQHandler	8	static
../startup/startup_mimxrt1189_cm33.c:1544:11:DMA3_CH25_IRQHandler	8	static
../startup/startup_mimxrt1189_cm33.c:1548:11:DMA3_CH26_IRQHandler	8	static
../startup/startup_mimxrt1189_cm33.c:1552:11:DMA3_CH27_IRQHandler	8	static
../startup/startup_mimxrt1189_cm33.c:1556:11:DMA3_CH28_IRQHandler	8	static
../startup/startup_mimxrt1189_cm33.c:1560:11:DMA3_CH29_IRQHandler	8	static
../startup/startup_mimxrt1189_cm33.c:1564:11:DMA3_CH30_IRQHandler	8	static
../startup/startup_mimxrt1189_cm33.c:1568:11:DMA3_CH31_IRQHandler	8	static
../startup/startup_mimxrt1189_cm33.c:1572:11:DMA4_ERROR_IRQHandler	8	static
../startup/startup_mimxrt1189_cm33.c:1576:11:DMA4_CH0_CH1_CH32_CH33_IRQHandler	8	static
../startup/startup_mimxrt1189_cm33.c:1580:11:DMA4_CH2_CH3_CH34_CH35_IRQHandler	8	static
../startup/startup_mimxrt1189_cm33.c:1584:11:DMA4_CH4_CH5_CH36_CH37_IRQHandler	8	static
../startup/startup_mimxrt1189_cm33.c:1588:11:DMA4_CH6_CH7_CH38_CH39_IRQHandler	8	static
../startup/startup_mimxrt1189_cm33.c:1592:11:DMA4_CH8_CH9_CH40_CH41_IRQHandler	8	static
../startup/startup_mimxrt1189_cm33.c:1596:11:DMA4_CH10_CH11_CH42_CH43_IRQHandler	8	static
../startup/startup_mimxrt1189_cm33.c:1600:11:DMA4_CH12_CH13_CH44_CH45_IRQHandler	8	static
../startup/startup_mimxrt1189_cm33.c:1604:11:DMA4_CH14_CH15_CH46_CH47_IRQHandler	8	static
../startup/startup_mimxrt1189_cm33.c:1608:11:DMA4_CH16_CH17_CH48_CH49_IRQHandler	8	static
../startup/startup_mimxrt1189_cm33.c:1612:11:DMA4_CH18_CH19_CH50_CH51_IRQHandler	8	static
../startup/startup_mimxrt1189_cm33.c:1616:11:DMA4_CH20_CH21_CH52_CH53_IRQHandler	8	static
../startup/startup_mimxrt1189_cm33.c:1620:11:DMA4_CH22_CH23_CH54_CH55_IRQHandler	8	static
../startup/startup_mimxrt1189_cm33.c:1624:11:DMA4_CH24_CH25_CH56_CH57_IRQHandler	8	static
../startup/startup_mimxrt1189_cm33.c:1628:11:DMA4_CH26_CH27_CH58_CH59_IRQHandler	8	static
../startup/startup_mimxrt1189_cm33.c:1632:11:DMA4_CH28_CH29_CH60_CH61_IRQHandler	8	static
../startup/startup_mimxrt1189_cm33.c:1636:11:DMA4_CH30_CH31_CH62_CH63_IRQHandler	8	static
../startup/startup_mimxrt1189_cm33.c:1640:11:XBAR1_CH0_CH1_IRQHandler	8	static
../startup/startup_mimxrt1189_cm33.c:1644:11:XBAR1_CH2_CH3_IRQHandler	8	static
../startup/startup_mimxrt1189_cm33.c:1648:11:SINC3_CH0_CH1_CH2_CH3_IRQHandler	8	static
../startup/startup_mimxrt1189_cm33.c:1652:11:EWM_IRQHandler	8	static
../startup/startup_mimxrt1189_cm33.c:1656:11:SEMC_IRQHandler	8	static
../startup/startup_mimxrt1189_cm33.c:1660:11:LPIT3_IRQHandler	8	static
../startup/startup_mimxrt1189_cm33.c:1664:11:LPTMR3_IRQHandler	8	static
../startup/startup_mimxrt1189_cm33.c:1668:11:TMR4_IRQHandler	8	static
../startup/startup_mimxrt1189_cm33.c:1672:11:LPI2C5_IRQHandler	8	static
../startup/startup_mimxrt1189_cm33.c:1676:11:LPI2C6_IRQHandler	8	static
../startup/startup_mimxrt1189_cm33.c:1680:11:SAI4_IRQHandler	8	static
../startup/startup_mimxrt1189_cm33.c:1684:11:SPDIF_IRQHandler	8	static
../startup/startup_mimxrt1189_cm33.c:1688:11:LPUART9_IRQHandler	8	static
../startup/startup_mimxrt1189_cm33.c:1692:11:LPUART10_IRQHandler	8	static
../startup/startup_mimxrt1189_cm33.c:1696:11:LPUART11_IRQHandler	8	static
../startup/startup_mimxrt1189_cm33.c:1700:11:LPUART12_IRQHandler	8	static
../startup/startup_mimxrt1189_cm33.c:1704:11:INTG_BOOTROM_DEBUG_CTRL_IRQHandler	8	static
../startup/startup_mimxrt1189_cm33.c:1708:11:EDGELOCK_REQ1_IRQHandler	8	static
../startup/startup_mimxrt1189_cm33.c:1712:11:EDGELOCK_REQ2_IRQHandler	8	static
../startup/startup_mimxrt1189_cm33.c:1716:11:EDGELOCK_REQ3_IRQHandler	8	static
../startup/startup_mimxrt1189_cm33.c:1720:11:TMR3_IRQHandler	8	static
../startup/startup_mimxrt1189_cm33.c:1724:11:JTAGC_IRQHandler	8	static
../startup/startup_mimxrt1189_cm33.c:1728:11:M33_SYSRESET_REQ_IRQHandler	8	static
../startup/startup_mimxrt1189_cm33.c:1732:11:M33_LOCKUP_IRQHandler	8	static
../startup/startup_mimxrt1189_cm33.c:1736:11:M7_SYSRESET_REQ_IRQHandler	8	static
../startup/startup_mimxrt1189_cm33.c:1740:11:M7_LOCKUP_IRQHandler	8	static
../startup/startup_mimxrt1189_cm33.c:1744:11:PWM2_FAULT_IRQHandler	8	static
../startup/startup_mimxrt1189_cm33.c:1748:11:PWM2_0_IRQHandler	8	static
../startup/startup_mimxrt1189_cm33.c:1752:11:PWM2_1_IRQHandler	8	static
../startup/startup_mimxrt1189_cm33.c:1756:11:PWM2_2_IRQHandler	8	static
../startup/startup_mimxrt1189_cm33.c:1760:11:PWM2_3_IRQHandler	8	static
../startup/startup_mimxrt1189_cm33.c:1764:11:PWM3_FAULT_IRQHandler	8	static
../startup/startup_mimxrt1189_cm33.c:1768:11:PWM3_0_IRQHandler	8	static
../startup/startup_mimxrt1189_cm33.c:1772:11:PWM3_1_IRQHandler	8	static
../startup/startup_mimxrt1189_cm33.c:1776:11:PWM3_2_IRQHandler	8	static
../startup/startup_mimxrt1189_cm33.c:1780:11:PWM3_3_IRQHandler	8	static
../startup/startup_mimxrt1189_cm33.c:1784:11:PWM4_FAULT_IRQHandler	8	static
../startup/startup_mimxrt1189_cm33.c:1788:11:PWM4_0_IRQHandler	8	static
../startup/startup_mimxrt1189_cm33.c:1792:11:PWM4_1_IRQHandler	8	static
../startup/startup_mimxrt1189_cm33.c:1796:11:PWM4_2_IRQHandler	8	static
../startup/startup_mimxrt1189_cm33.c:1800:11:PWM4_3_IRQHandler	8	static
../startup/startup_mimxrt1189_cm33.c:1804:11:EQDC1_IRQHandler	8	static
../startup/startup_mimxrt1189_cm33.c:1808:11:EQDC2_IRQHandler	8	static
../startup/startup_mimxrt1189_cm33.c:1812:11:EQDC3_IRQHandler	8	static
../startup/startup_mimxrt1189_cm33.c:1816:11:EQDC4_IRQHandler	8	static
../startup/startup_mimxrt1189_cm33.c:1820:11:ADC2_IRQHandler	8	static
../startup/startup_mimxrt1189_cm33.c:1824:11:DCDC_IRQHandler	8	static
../startup/startup_mimxrt1189_cm33.c:1828:11:CAN3_IRQHandler	8	static
../startup/startup_mimxrt1189_cm33.c:1832:11:CAN3_ERROR_IRQHandler	8	static
../startup/startup_mimxrt1189_cm33.c:1836:11:DAC_IRQHandler	8	static
../startup/startup_mimxrt1189_cm33.c:1840:11:LPSPI5_IRQHandler	8	static
../startup/startup_mimxrt1189_cm33.c:1844:11:LPSPI6_IRQHandler	8	static
../startup/startup_mimxrt1189_cm33.c:1848:11:LPUART7_IRQHandler	8	static
../startup/startup_mimxrt1189_cm33.c:1852:11:LPUART8_IRQHandler	8	static
../startup/startup_mimxrt1189_cm33.c:1856:11:SAI2_IRQHandler	8	static
../startup/startup_mimxrt1189_cm33.c:1860:11:SAI3_IRQHandler	8	static
../startup/startup_mimxrt1189_cm33.c:1864:11:ACMP1_IRQHandler	8	static
../startup/startup_mimxrt1189_cm33.c:1868:11:ACMP2_IRQHandler	8	static
../startup/startup_mimxrt1189_cm33.c:1872:11:ACMP3_IRQHandler	8	static
../startup/startup_mimxrt1189_cm33.c:1876:11:ACMP4_IRQHandler	8	static
../startup/startup_mimxrt1189_cm33.c:1880:11:CM7_PS_IRQHandler	8	static
../startup/startup_mimxrt1189_cm33.c:1884:11:CM7_MCM_IRQHandler	8	static
../startup/startup_mimxrt1189_cm33.c:1888:11:CM33_MCM_IRQHandler	8	static
../startup/startup_mimxrt1189_cm33.c:1892:11:ECAT_INT_IRQHandler	8	static
../startup/startup_mimxrt1189_cm33.c:1896:11:SAFETY_CLK_MON_IRQHandler	8	static
../startup/startup_mimxrt1189_cm33.c:1900:11:GPT1_IRQHandler	8	static
../startup/startup_mimxrt1189_cm33.c:1904:11:GPT2_IRQHandler	8	static
../startup/startup_mimxrt1189_cm33.c:1908:11:KPP_IRQHandler	8	static
../startup/startup_mimxrt1189_cm33.c:1912:11:USBPHY1_IRQHandler	8	static
../startup/startup_mimxrt1189_cm33.c:1916:11:USBPHY2_IRQHandler	8	static
../startup/startup_mimxrt1189_cm33.c:1920:11:USB_OTG2_IRQHandler	8	static
../startup/startup_mimxrt1189_cm33.c:1924:11:USB_OTG1_IRQHandler	8	static
../startup/startup_mimxrt1189_cm33.c:1928:11:FLEXSPI_SLV_IRQHandler	8	static
../startup/startup_mimxrt1189_cm33.c:1932:11:NETC_IRQHandler	8	static
../startup/startup_mimxrt1189_cm33.c:1936:11:MSGINTR1_IRQHandler	8	static
../startup/startup_mimxrt1189_cm33.c:1940:11:MSGINTR2_IRQHandler	8	static
../startup/startup_mimxrt1189_cm33.c:1944:11:MSGINTR3_IRQHandler	8	static
../startup/startup_mimxrt1189_cm33.c:1948:11:MSGINTR4_IRQHandler	8	static
../startup/startup_mimxrt1189_cm33.c:1952:11:MSGINTR5_IRQHandler	8	static
../startup/startup_mimxrt1189_cm33.c:1956:11:MSGINTR6_IRQHandler	8	static
../startup/startup_mimxrt1189_cm33.c:1960:11:SINC1_CH0_IRQHandler	8	static
../startup/startup_mimxrt1189_cm33.c:1964:11:SINC1_CH1_IRQHandler	8	static
../startup/startup_mimxrt1189_cm33.c:1968:11:SINC1_CH2_IRQHandler	8	static
../startup/startup_mimxrt1189_cm33.c:1972:11:SINC1_CH3_IRQHandler	8	static
../startup/startup_mimxrt1189_cm33.c:1976:11:SINC2_CH0_IRQHandler	8	static
../startup/startup_mimxrt1189_cm33.c:1980:11:SINC2_CH1_IRQHandler	8	static
../startup/startup_mimxrt1189_cm33.c:1984:11:SINC2_CH2_IRQHandler	8	static
../startup/startup_mimxrt1189_cm33.c:1988:11:SINC2_CH3_IRQHandler	8	static
../startup/startup_mimxrt1189_cm33.c:1992:11:GPIO4_IRQHandler	8	static
../startup/startup_mimxrt1189_cm33.c:1996:11:TMR2_IRQHandler	8	static
../startup/startup_mimxrt1189_cm33.c:2000:11:GPIO5_IRQHandler	8	static
../startup/startup_mimxrt1189_cm33.c:2004:11:ASRC_IRQHandler	8	static
../startup/startup_mimxrt1189_cm33.c:2008:11:GPIO6_IRQHandler	8	static
../startup/startup_mimxrt1189_cm33.c:2012:11:DBG_TRACE_IRQHandler	8	static
../startup/startup_mimxrt1189_cm33.c:2016:11:ECAT_RST_OUT_IRQHandler	8	static
