../drivers/netc/fsl_netc.h:3649:20:NETC_ClearTxDescriptor	16	static
../drivers/netc/netc_hw/fsl_netc_hw.h:173:24:EP_IncreaseIndex	24	static
../drivers/netc/netc_hw/fsl_netc_hw.h:197:20:NETC_IPFInit	16	static
../drivers/netc/netc_hw/fsl_netc_hw_enetc.h:58:20:NETC_EnetcHasManagement	16	static
../drivers/netc/netc_hw/fsl_netc_hw_port.h:218:24:NETC_PortConfigTcMaxSDU	32	static
../drivers/netc/netc_hw/fsl_netc_hw_port.h:269:20:NETC_PortConfigTcPreemption	24	static
../drivers/netc/netc_hw/fsl_netc_hw_port.h:384:20:NETC_PortSetISI	16	static
../drivers/netc/netc_hw/fsl_netc_hw_port.h:451:34:NETC_PortGetMIIMode	16	static
../drivers/netc/netc_hw/fsl_netc_hw_port.h:513:20:NETC_PortSoftwareResetEthMac	16	static
../drivers/netc/netc_hw/fsl_netc_hw_si.h:113:20:NETC_SIRxRingEnable	16	static
../drivers/netc/netc_hw/fsl_netc_hw_si.h:175:20:NETC_SISetRxConsumer	16	static
../drivers/netc/fsl_netc_switch.h:558:24:SWT_RxVlanCInit	16	static
../drivers/netc/fsl_netc_switch.h:587:24:SWT_RxQosCInit	16	static
../drivers/netc/fsl_netc_switch.h:618:24:SWT_RxIPFInit	16	static
../drivers/netc/fsl_netc_switch.h:731:24:SWT_RxPSFPInit	16	static
../drivers/netc/fsl_netc_switch.h:1519:24:SWT_FMConfigPort	32	static
../drivers/netc/fsl_netc_switch.h:2458:24:SWT_SetPortIPV2QMR	24	static
../drivers/netc/fsl_netc_switch.c:37:13:SWT_GetBaseResource	24	static
../drivers/netc/fsl_netc_switch.c:64:17:SWT_MSIXSetEntryTable	32	static
../drivers/netc/fsl_netc_switch.c:115:10:SWT_MsixSetGlobalMask	16	static
../drivers/netc/fsl_netc_switch.c:129:10:SWT_MsixSetEntryMask	24	static
../drivers/netc/fsl_netc_switch.c:146:10:SWT_MsixGetPendingStatus	32	static
../drivers/netc/fsl_netc_switch.c:180:10:SWT_GetDefaultConfig	32	static
../drivers/netc/fsl_netc_switch.c:256:13:SWT_RxBufferFreeAll	40	static
../drivers/netc/fsl_netc_switch.c:279:10:SWT_Init	48	static
../drivers/netc/fsl_netc_switch.c:429:10:SWT_Deinit	24	static
../drivers/netc/fsl_netc_switch.c:448:10:SWT_SetEthPortMII	24	static
../drivers/netc/fsl_netc_switch.c:466:10:SWT_PortStop	16	static
../drivers/netc/fsl_netc_switch.c:547:10:SWT_SetPortMaxFrameSize	24	static
../drivers/netc/fsl_netc_switch.c:561:10:SWT_RxMirrorConfig	16	static
../drivers/netc/fsl_netc_switch.c:587:13:SWT_StoreTransConfig	16	static
../drivers/netc/fsl_netc_switch.c:602:10:SWT_ManagementTxRxConfig	72	static
../drivers/netc/fsl_netc_switch.c:760:10:SWT_SendFrame	72	static
../drivers/netc/fsl_netc_switch.c:835:6:SWT_ReclaimTxDescriptor	32	static
../drivers/netc/fsl_netc_switch.c:869:10:SWT_GetTimestampRefResp	56	static
../drivers/netc/fsl_netc_switch.c:928:10:SWT_GetRxFrameSize	24	static
../drivers/netc/fsl_netc_switch.c:958:10:SWT_ReceiveFrameCopy	48	static
../drivers/netc/fsl_netc_switch.c:985:10:SWT_ReceiveFrame	56	static
../drivers/netc/fsl_netc_switch.c:1101:17:SWT_GetIdleCmdBDRing	24	static
../drivers/netc/fsl_netc_switch.c:1116:10:SWT_CmdBDRInit	24	static
../drivers/netc/fsl_netc_switch.c:1122:10:SWT_CmdBDRDeinit	16	static
../drivers/netc/fsl_netc_switch.c:1128:10:SWT_RxIPFAddTableEntry	40	static
../drivers/netc/fsl_netc_switch.c:1143:10:SWT_RxIPFUpdateTableEntry	40	static
../drivers/netc/fsl_netc_switch.c:1158:10:SWT_RxIPFQueryTableEntry	40	static
../drivers/netc/fsl_netc_switch.c:1173:10:SWT_RxIPFDelTableEntry	32	static
../drivers/netc/fsl_netc_switch.c:1188:10:SWT_RxIPFResetMatchCounter	32	static
../drivers/netc/fsl_netc_switch.c:1203:10:SWT_RxIPFGetMatchedCount	40	static
../drivers/netc/fsl_netc_switch.c:1218:10:SWT_BridgeInit	16	static
../drivers/netc/fsl_netc_switch.c:1275:10:SWT_BridgeConfigPort	40	static
../drivers/netc/fsl_netc_switch.c:1306:10:SWT_BridgeConfigPortDefaultVid	24	static
../drivers/netc/fsl_netc_switch.c:1316:10:SWT_BridgeAddVFTableEntry	96	static
../drivers/netc/fsl_netc_switch.c:1348:10:SWT_BridgeUpdateVFTableEntry	88	static
../drivers/netc/fsl_netc_switch.c:1376:10:SWT_BridgeSearchVFTableEntry	88	static
../drivers/netc/fsl_netc_switch.c:1414:10:SWT_BridgeQueryVFTableEntry	88	static
../drivers/netc/fsl_netc_switch.c:1450:10:SWT_BridgeDelVFTableEntry	72	static
../drivers/netc/fsl_netc_switch.c:1476:10:SWT_BridgeAddFDBTableEntry	88	static
../drivers/netc/fsl_netc_switch.c:1508:10:SWT_BridgeUpdateFDBTableEntry	80	static
../drivers/netc/fsl_netc_switch.c:1536:10:SWT_BridgeSearchFDBTableEntry	96	static
../drivers/netc/fsl_netc_switch.c:1574:10:SWT_BridgeQueryFDBTableEntry	88	static
../drivers/netc/fsl_netc_switch.c:1610:10:SWT_BridgeDelFDBTableEntry	72	static
../drivers/netc/fsl_netc_switch.c:1636:10:SWT_BridgeGetFDBActivityState	88	static
../drivers/netc/fsl_netc_switch.c:1665:10:SWT_BridgeAddL2MCFTableEntry	88	static
../drivers/netc/fsl_netc_switch.c:1696:10:SWT_BridgeUpdateL2MCFTableEntry	80	static
../drivers/netc/fsl_netc_switch.c:1724:10:SWT_BridgeSearchL2MCFTableEntry	96	static
../drivers/netc/fsl_netc_switch.c:1761:10:SWT_BridgeDelL2MCFTableEntry	72	static
../drivers/netc/fsl_netc_switch.c:1788:10:SWT_BridgeGetL2MCFActivityState	88	static
../drivers/netc/fsl_netc_switch.c:1816:10:SWT_RxPSFPAddISITableEntry	40	static
../drivers/netc/fsl_netc_switch.c:1831:10:SWT_RxPSFPQueryISITableEntry	40	static
../drivers/netc/fsl_netc_switch.c:1846:10:SWT_RxPSFPQueryISITableEntryWithKey	40	static
../drivers/netc/fsl_netc_switch.c:1863:10:SWT_RxPSFPDelISITableEntry	32	static
../drivers/netc/fsl_netc_switch.c:1878:10:SWT_RxPSFPAddISTableEntry	32	static
../drivers/netc/fsl_netc_switch.c:1893:10:SWT_RxPSFPUpdateISTableEntry	32	static
../drivers/netc/fsl_netc_switch.c:1908:10:SWT_RxPSFPQueryISTableEntry	40	static
../drivers/netc/fsl_netc_switch.c:1923:10:SWT_RxPSFPDelISTableEntry	32	static
../drivers/netc/fsl_netc_switch.c:1938:10:SWT_RxPSFPAddISFTableEntry	40	static
../drivers/netc/fsl_netc_switch.c:1953:10:SWT_RxPSFPUpdateISFTableEntry	40	static
../drivers/netc/fsl_netc_switch.c:1968:10:SWT_RxPSFPDelISFTableEntry	32	static
../drivers/netc/fsl_netc_switch.c:1983:10:SWT_RxPSFPQueryISFTableEntry	40	static
../drivers/netc/fsl_netc_switch.c:1998:10:SWT_RxPSFPAddISCTableEntry	32	static
../drivers/netc/fsl_netc_switch.c:2013:10:SWT_RxPSFPGetISCStatistic	40	static
../drivers/netc/fsl_netc_switch.c:2028:10:SWT_RxPSFPResetISCStatistic	32	static
../drivers/netc/fsl_netc_switch.c:2043:10:SWT_RxPSFPAddSGITableEntry	32	static
../drivers/netc/fsl_netc_switch.c:2058:10:SWT_RxPSFPUpdateSGITableEntry	32	static
../drivers/netc/fsl_netc_switch.c:2072:10:SWT_RxPSFPResetIRXOEXSGITableEntry	32	static
../drivers/netc/fsl_netc_switch.c:2087:10:SWT_RxPSFPDelSGITableEntry	32	static
../drivers/netc/fsl_netc_switch.c:2102:10:SWT_RxPSFPGetSGIState	40	static
../drivers/netc/fsl_netc_switch.c:2117:10:SWT_RxPSFPQuerySGITableEntry	40	static
../drivers/netc/fsl_netc_switch.c:2132:10:SWT_RxPSFPAddSGCLTableEntry	32	static
../drivers/netc/fsl_netc_switch.c:2147:10:SWT_RxPSFPDelSGCLTableEntry	32	static
../drivers/netc/fsl_netc_switch.c:2162:10:SWT_RxPSFPGetSGCLGateList	40	static
../drivers/netc/fsl_netc_switch.c:2177:10:SWT_RxPSFPGetSGCLState	40	static
../drivers/netc/fsl_netc_switch.c:2192:10:SWT_RxPSFPAddRPTableEntry	32	static
../drivers/netc/fsl_netc_switch.c:2207:10:SWT_RxPSFPUpdateRPTableEntry	32	static
../drivers/netc/fsl_netc_switch.c:2222:10:SWT_RxPSFPAddOrUpdateRPTableEntry	32	static
../drivers/netc/fsl_netc_switch.c:2237:10:SWT_RxPSFPResetMRRPTableEntry	32	static
../drivers/netc/fsl_netc_switch.c:2252:10:SWT_RxPSFPDelRPTableEntry	32	static
../drivers/netc/fsl_netc_switch.c:2267:10:SWT_RxPSFPQueryRPTableEntry	40	static
../drivers/netc/fsl_netc_switch.c:2282:10:SWT_RxPSFPGetRPStatistic	40	static
../drivers/netc/fsl_netc_switch.c:2297:10:SWT_TxTrafficClassConfig	40	static
../drivers/netc/fsl_netc_switch.c:2325:10:SWT_TxPortTGSEnable	24	static
../drivers/netc/fsl_netc_switch.c:2356:10:SWT_TxTGSConfigAdminGcl	144	static
../drivers/netc/fsl_netc_switch.c:2426:10:SWT_TxtTGSGetOperGcl	40	static
../drivers/netc/fsl_netc_switch.c:2441:10:SWT_FMAddTableEntry	80	static
../drivers/netc/fsl_netc_switch.c:2469:10:SWT_FMUpdateTableEntry	80	static
../drivers/netc/fsl_netc_switch.c:2496:10:SWT_FMDelTableEntry	72	static
../drivers/netc/fsl_netc_switch.c:2521:10:SWT_FMQueryTableEntry	88	static
../drivers/netc/fsl_netc_switch.c:2550:10:SWT_FMDUpdateTableEntry	80	static
../drivers/netc/fsl_netc_switch.c:2577:10:SWT_FMDQueryTableEntry	88	static
../drivers/netc/fsl_netc_switch.c:2606:10:SWT_TxEPPAddETTableEntry	80	static
../drivers/netc/fsl_netc_switch.c:2634:10:SWT_TxEPPUpdateETTableEntry	80	static
../drivers/netc/fsl_netc_switch.c:2662:10:SWT_TxEPPQueryETTableEntry	88	static
../drivers/netc/fsl_netc_switch.c:2698:10:SWT_TxEPPDelETTableEntry	72	static
../drivers/netc/fsl_netc_switch.c:2723:10:SWT_TxEPPQosToVlanConfig	24	static
../drivers/netc/fsl_netc_switch.c:2748:10:SWT_GetECStatistic	88	static
../drivers/netc/fsl_netc_switch.c:2775:10:SWT_ResetECStatistic	72	static
../drivers/netc/fsl_netc_switch.c:2801:10:SWT_TxETMConfigClassQueue	72	static
../drivers/netc/fsl_netc_switch.c:2828:10:SWT_GetETMClassQueueStatistic	88	static
../drivers/netc/fsl_netc_switch.c:2854:10:SWT_TxETMConfigClassScheduler	72	static
../drivers/netc/fsl_netc_switch.c:2880:10:SWT_TxETMConfigCongestionGroup	72	static
../drivers/netc/fsl_netc_switch.c:2906:10:SWT_GetETMCongestionGroupStatistic	88	static
../drivers/netc/fsl_netc_switch.c:2933:10:SWT_FRERAddISEQGTableEntry	80	static
../drivers/netc/fsl_netc_switch.c:2965:10:SWT_FRERUpdateISEQGTableEntry	80	static
../drivers/netc/fsl_netc_switch.c:2997:10:SWT_FRERResetSEQGTableEntry	80	static
../drivers/netc/fsl_netc_switch.c:3028:10:SWT_FRERDelISEQGTableEntry	80	static
../drivers/netc/fsl_netc_switch.c:3059:10:SWT_FRERGetISEQGState	88	static
../drivers/netc/fsl_netc_switch.c:3094:10:SWT_FRERConfigESEQRTableEntry	80	static
../drivers/netc/fsl_netc_switch.c:3126:10:SWT_FRERQueryESEQRTableEntry	88	static
../drivers/netc/fsl_netc_switch.c:3172:10:SWT_FRERGetESEQRStatistic	32	static
../drivers/netc/fsl_netc_switch.c:3180:10:SWT_UpdateBPTableEntry	88	static
../drivers/netc/fsl_netc_switch.c:3212:10:SWT_GetBPEntryState	88	static
../drivers/netc/fsl_netc_switch.c:3247:10:SWT_UpdateSBPTableEntry	80	static
../drivers/netc/fsl_netc_switch.c:3279:10:SWT_GetSBPEntryState	88	static
