../drivers/netc/fsl_netc.h:3649:20:NETC_ClearTxDescriptor	16	static
../drivers/netc/fsl_netc.h:3655:20:NETC_CopyTxDescriptor	16	static
../drivers/netc/netc_hw/fsl_netc_hw.h:173:24:EP_IncreaseIndex	24	static
../drivers/netc/netc_hw/fsl_netc_hw.h:197:20:NETC_IPFInit	16	static
../drivers/netc/netc_hw/fsl_netc_hw_enetc.h:58:20:NETC_EnetcHasManagement	16	static
../drivers/netc/netc_hw/fsl_netc_hw_enetc.h:106:20:NETC_EnetcEnableSI	16	static
../drivers/netc/netc_hw/fsl_netc_hw_enetc.h:196:24:NETC_EnetcPortEnableTSD	16	static
../drivers/netc/netc_hw/fsl_netc_hw_enetc.h:211:20:NETC_EnetcPortSetNativeVLAN	24	static
../drivers/netc/netc_hw/fsl_netc_hw_enetc.h:239:20:NETC_EnetcSetParser	24	static
../drivers/netc/netc_hw/fsl_netc_hw_port.h:218:24:NETC_PortConfigTcMaxSDU	32	static
../drivers/netc/netc_hw/fsl_netc_hw_port.h:372:20:NETC_PortSetIPF	16	static
../drivers/netc/netc_hw/fsl_netc_hw_port.h:384:20:NETC_PortSetISI	16	static
../drivers/netc/netc_hw/fsl_netc_hw_port.h:451:34:NETC_PortGetMIIMode	16	static
../drivers/netc/netc_hw/fsl_netc_hw_port.h:513:20:NETC_PortSoftwareResetEthMac	16	static
../drivers/netc/netc_hw/fsl_netc_hw_si.h:94:20:NETC_SIEnable	16	static
../drivers/netc/netc_hw/fsl_netc_hw_si.h:113:20:NETC_SIRxRingEnable	16	static
../drivers/netc/netc_hw/fsl_netc_hw_si.h:132:20:NETC_SIEnablePromisc	16	static
../drivers/netc/netc_hw/fsl_netc_hw_si.h:151:20:NETC_SISetTxProducer	16	static
../drivers/netc/netc_hw/fsl_netc_hw_si.h:163:24:NETC_SIGetTxConsumer	16	static
../drivers/netc/netc_hw/fsl_netc_hw_si.h:175:20:NETC_SISetRxConsumer	16	static
../drivers/netc/netc_hw/fsl_netc_hw_si.h:219:20:NETC_SIMapVlanToIpv	16	static
../drivers/netc/netc_hw/fsl_netc_hw_si.h:238:20:NETC_SIEnableVlanToIpv	16	static
../drivers/netc/netc_hw/fsl_netc_hw_si.h:258:20:NETC_SIMapIpvToRing	16	static
../drivers/netc/netc_hw/fsl_netc_hw_si.h:271:20:NETC_SISetRxBDRGroup	16	static
../drivers/netc/netc_hw/fsl_netc_hw_si.h:288:20:NETC_SISetDefaultRxBDRGroup	16	static
../drivers/netc/netc_hw/fsl_netc_hw_si.h:331:24:NETC_SIPsiGetStatus	16	static
../drivers/netc/netc_hw/fsl_netc_hw_si.h:342:20:NETC_SIPsiClearStatus	16	static
../drivers/netc/netc_hw/fsl_netc_hw_si.h:364:20:NETC_SIPsiCheckTxBusy	16	static
../drivers/netc/netc_hw/fsl_netc_hw_si.h:404:24:NETC_SIVsiGetStatus	16	static
../drivers/netc/netc_hw/fsl_netc_hw_si.h:415:20:NETC_SIVsiClearStatus	16	static
../drivers/netc/fsl_netc_endpoint.h:630:24:EP_RxPSFPInit	16	static
../drivers/netc/fsl_netc_endpoint.c:40:13:EP_GetBaseResource	16	static
../drivers/netc/fsl_netc_endpoint.c:51:13:EP_StoreConfig	16	static
../drivers/netc/fsl_netc_endpoint.c:73:13:EP_RxBufferFreeAll	40	static
../drivers/netc/fsl_netc_endpoint.c:107:17:EP_RxBufferAllocAll	80	static
../drivers/netc/fsl_netc_endpoint.c:183:17:EP_DescriptorInit	32	static
../drivers/netc/fsl_netc_endpoint.c:245:17:EP_SISetup	32	static
../drivers/netc/fsl_netc_endpoint.c:323:17:EP_MSIXSetEntryTable	40	static
../drivers/netc/fsl_netc_endpoint.c:404:17:EP_GetIdleTxBDNum	16	static
../drivers/netc/fsl_netc_endpoint.c:416:10:EP_GetDefaultConfig	24	static
../drivers/netc/fsl_netc_endpoint.c:463:10:EP_Init	40	static
../drivers/netc/fsl_netc_endpoint.c:682:10:EP_Deinit	16	static
../drivers/netc/fsl_netc_endpoint.c:698:10:EP_Up	24	static
../drivers/netc/fsl_netc_endpoint.c:720:10:EP_Down	16	static
../drivers/netc/fsl_netc_endpoint.c:736:10:EP_SetPrimaryMacAddr	24	static
../drivers/netc/fsl_netc_endpoint.c:754:10:EP_SendFrameCommon	72	static
../drivers/netc/fsl_netc_endpoint.c:901:10:EP_SendFrame	80	static
../drivers/netc/fsl_netc_endpoint.c:970:23:EP_ReclaimTxDescCommon	40	static
../drivers/netc/fsl_netc_endpoint.c:1060:6:EP_ReclaimTxDescriptor	32	static
../drivers/netc/fsl_netc_endpoint.c:1086:10:EP_GetRxFrameSizeCommon	40	static
../drivers/netc/fsl_netc_endpoint.c:1155:10:EP_GetRxFrameSize	32	static
../drivers/netc/fsl_netc_endpoint.c:1176:13:EP_GetRxFrameAttribute	32	static
../drivers/netc/fsl_netc_endpoint.c:1208:6:EP_DropFrame	56	static
../drivers/netc/fsl_netc_endpoint.c:1246:10:EP_ReceiveFrameCopyCommon	72	static
../drivers/netc/fsl_netc_endpoint.c:1343:10:EP_ReceiveFrameCopy	40	static
../drivers/netc/fsl_netc_endpoint.c:1358:10:EP_ReceiveFrameCommon	80	static
../drivers/netc/fsl_netc_endpoint.c:1445:10:EP_ReceiveFrame	64	static
../drivers/netc/fsl_netc_endpoint.c:1550:10:EP_CmdBDRInit	24	static
../drivers/netc/fsl_netc_endpoint.c:1571:10:EP_CmdBDRDeinit	16	static
../drivers/netc/fsl_netc_endpoint.c:1577:10:EP_RxIPFInit	16	static
../drivers/netc/fsl_netc_endpoint.c:1585:10:EP_RxIPFAddTableEntry	40	static
../drivers/netc/fsl_netc_endpoint.c:1596:10:EP_RxIPFUpdateTableEntry	40	static
../drivers/netc/fsl_netc_endpoint.c:1607:10:EP_RxIPFDelTableEntry	32	static
../drivers/netc/fsl_netc_endpoint.c:1618:10:EP_RxIPFResetMatchCounter	32	static
../drivers/netc/fsl_netc_endpoint.c:1629:10:EP_RxIPFGetMatchedCount	40	static
../drivers/netc/fsl_netc_endpoint.c:1640:10:EP_RxPSFPAddSGITableEntry	32	static
../drivers/netc/fsl_netc_endpoint.c:1651:10:EP_RxPSFPUpdateSGITableEntry	32	static
../drivers/netc/fsl_netc_endpoint.c:1662:10:EP_RxPSFPDelSGITableEntry	32	static
../drivers/netc/fsl_netc_endpoint.c:1673:10:EP_RxPSFPGetSGIState	40	static
../drivers/netc/fsl_netc_endpoint.c:1684:10:EP_RxPSFPAddSGCLTableEntry	32	static
../drivers/netc/fsl_netc_endpoint.c:1695:10:EP_RxPSFPDelSGCLTableEntry	32	static
../drivers/netc/fsl_netc_endpoint.c:1706:10:EP_RxPSFPGetSGCLGateList	40	static
../drivers/netc/fsl_netc_endpoint.c:1717:10:EP_RxPSFPGetSGCLState	40	static
../drivers/netc/fsl_netc_endpoint.c:1728:10:EP_RxPSFPAddRPTableEntry	32	static
../drivers/netc/fsl_netc_endpoint.c:1739:10:EP_RxPSFPUpdateRPTableEntry	32	static
../drivers/netc/fsl_netc_endpoint.c:1750:10:EP_RxPSFPAddOrUpdateRPTableEntry	32	static
../drivers/netc/fsl_netc_endpoint.c:1761:10:EP_RxPSFPDelRPTableEntry	32	static
../drivers/netc/fsl_netc_endpoint.c:1772:10:EP_RxPSFPGetRPStatistic	40	static
../drivers/netc/fsl_netc_endpoint.c:1783:10:EP_MsixSetGlobalMask	16	static
../drivers/netc/fsl_netc_endpoint.c:1814:10:EP_MsixSetEntryMask	24	static
../drivers/netc/fsl_netc_endpoint.c:1831:10:EP_MsixGetPendingStatus	32	static
../drivers/netc/fsl_netc_endpoint.c:1874:10:EP_RxL2MFInit	24	static
../drivers/netc/fsl_netc_endpoint.c:1886:10:EP_RxL2MFAddHashEntry	64	static
../drivers/netc/fsl_netc_endpoint.c:1921:10:EP_RxL2MFDelHashEntry	64	static
../drivers/netc/fsl_netc_endpoint.c:1975:10:EP_RxL2MFAddEMTableEntry	112	static
../drivers/netc/fsl_netc_endpoint.c:1999:10:EP_RxL2MFDelEMTableEntry	48	static
../drivers/netc/fsl_netc_endpoint.c:2021:10:EP_RxL2VFInit	16	static
../drivers/netc/fsl_netc_endpoint.c:2027:10:EP_RxL2VFAddHashEntry	24	static
../drivers/netc/fsl_netc_endpoint.c:2045:10:EP_RxL2VFDelHashEntry	24	static
../drivers/netc/fsl_netc_endpoint.c:2071:10:EP_RxL2VFAddEMTableEntry	80	static
../drivers/netc/fsl_netc_endpoint.c:2093:10:EP_RxL2VFDelEMTableEntry	48	static
../drivers/netc/fsl_netc_endpoint.c:2118:10:EP_TxPortTGSEnable	24	static
../drivers/netc/fsl_netc_endpoint.c:2150:10:EP_TxTGSConfigAdminGcl	144	static
../drivers/netc/fsl_netc_endpoint.c:2217:10:EP_TxtTGSGetOperGcl	40	static
../drivers/netc/fsl_netc_endpoint.c:2228:10:EP_TxTrafficClassConfig	32	static
../drivers/netc/fsl_netc_endpoint.c:2252:10:EP_RxPSFPAddISITableEntry	40	static
../drivers/netc/fsl_netc_endpoint.c:2263:10:EP_RxPSFPDelISITableEntry	32	static
../drivers/netc/fsl_netc_endpoint.c:2274:10:EP_RxPSFPAddISTableEntry	32	static
../drivers/netc/fsl_netc_endpoint.c:2285:10:EP_RxPSFPUpdateISTableEntry	32	static
../drivers/netc/fsl_netc_endpoint.c:2296:10:EP_RxPSFPDelISTableEntry	32	static
../drivers/netc/fsl_netc_endpoint.c:2307:10:EP_RxPSFPAddISFTableEntry	40	static
../drivers/netc/fsl_netc_endpoint.c:2318:10:EP_RxPSFPUpdateISFTableEntry	40	static
../drivers/netc/fsl_netc_endpoint.c:2329:10:EP_RxPSFPDelISFTableEntry	32	static
../drivers/netc/fsl_netc_endpoint.c:2340:10:EP_RxPSFPAddISCTableEntry	32	static
../drivers/netc/fsl_netc_endpoint.c:2351:10:EP_RxPSFPGetISCStatistic	40	static
../drivers/netc/fsl_netc_endpoint.c:2362:10:EP_RxPSFPResetISCStatistic	32	static
../drivers/netc/fsl_netc_endpoint.c:2373:6:EP_PsiEnableInterrupt	24	static
../drivers/netc/fsl_netc_endpoint.c:2382:10:EP_PsiGetStatus	16	static
../drivers/netc/fsl_netc_endpoint.c:2389:6:EP_PsiClearStatus	16	static
../drivers/netc/fsl_netc_endpoint.c:2399:10:EP_PsiSendMsg	24	static
../drivers/netc/fsl_netc_endpoint.c:2406:6:EP_PsiCheckTxBusy	24	static
../drivers/netc/fsl_netc_endpoint.c:2413:10:EP_PsiSetRxBuffer	32	static
../drivers/netc/fsl_netc_endpoint.c:2420:10:EP_PsiGetRxMsg	32	static
../drivers/netc/fsl_netc_endpoint.c:2427:6:EP_VsiEnableInterrupt	24	static
../drivers/netc/fsl_netc_endpoint.c:2434:10:EP_VsiGetStatus	16	static
../drivers/netc/fsl_netc_endpoint.c:2441:6:EP_VsiClearStatus	16	static
../drivers/netc/fsl_netc_endpoint.c:2448:10:EP_VsiSendMsg	32	static
../drivers/netc/fsl_netc_endpoint.c:2455:6:EP_VsiCheckTxStatus	16	static
../drivers/netc/fsl_netc_endpoint.c:2462:10:EP_VsiReceiveMsg	16	static
